// Jest Snapshot v1, https://goo.gl/fbAQLP

exports[`GameRegistration renders correctly with default spots availability 1`] = `null`;
